// Jest Snapshot v1, https://goo.gl/fbAQLP

exports[`ProductStatistics test cases should render correctly 1`] = `
<div>
  <div
    class="css-kbu70o"
  >
    <div
      class="css-69i1ev"
    >
      <h3
        class="chakra-heading css-0"
      >
        Total Products
      </h3>
      <p
        class="chakra-text css-0"
      >
        350
      </p>
    </div>
    <img
      alt="Total product"
      class="chakra-image css-0"
      src="total-product.png"
    />
    <div
      class="css-gg4vpm"
    >
      <button
        class="chakra-button css-4xx2wk"
        type="button"
      >
        <div
          class="chakra-icon css-1c49pbn"
          focusable="false"
        />
        Activated
      </button>
      <button
        class="chakra-button css-4xx2wk"
        type="button"
      >
        <div
          class="chakra-icon css-s12z8y"
          focusable="false"
        />
        Deactivated
      </button>
    </div>
  </div>
</div>
`;
