// Jest Snapshot v1, https://goo.gl/fbAQLP

exports[`Sidebar test cases should render correctly 1`] = `
<div>
  <div
    class="css-6e8nju"
  >
    <div
      class="css-1522hk"
    >
      <div
        class="css-1owjrhv"
      >
        <img
          alt="Technician"
          class="chakra-image css-0"
          src="technician.svg"
        />
        <div
          class="css-0"
        >
          <p
            class="chakra-text css-14ux0f6"
          >
            Technician
          </p>
          <p
            class="chakra-text css-1pt2kd5"
          >
            At Home
          </p>
        </div>
      </div>
    </div>
    <div
      class="css-h16lro"
    >
      <svg
        fill="none"
        height="40"
        viewBox="0 0 40 40"
        width="40"
        xmlns="http://www.w3.org/2000/svg"
      >
        <circle
          cx="20"
          cy="20"
          fill="url(#paint0_linear_0_28)"
          r="20"
        />
        <path
          d="M17.5826 20.5119C17.5826 20.5119 22.8268 15.2677 23.2445 14.8499C23.6623 14.4322 23.7246 13.8172 23.2445 13.3371C22.7644 12.857 22.1494 12.9194 21.7317 13.3371C21.3139 13.7549 15.3133 19.7555 15.3133 19.7555C14.8956 20.1732 14.8956 20.8506 15.3133 21.2683L21.7317 27.6867C22.1494 28.1044 22.8268 28.1044 23.2445 27.6867C23.6623 27.2689 23.6623 26.5916 23.2445 26.1739L17.5826 20.5119Z"
          fill="#222222"
          stroke="#222222"
          stroke-width="0.5"
        />
        <defs>
          <lineargradient
            gradientUnits="userSpaceOnUse"
            id="paint0_linear_0_28"
            x1="0"
            x2="0"
            y1="0"
            y2="40"
          >
            <stop
              stop-color="#F8D9AF"
            />
            <stop
              offset="1"
              stop-color="#FBD199"
            />
          </lineargradient>
        </defs>
      </svg>
    </div>
    <ul
      class="css-179s3f8"
      role="list"
    >
      <li
        class="css-16k9dcn"
      >
        <a
          class="chakra-link css-10wiyls"
          href="/dashboard"
        >
          <svg
            fill="none"
            height="18"
            viewBox="0 0 19 18"
            width="19"
            xmlns="http://www.w3.org/2000/svg"
          >
            <path
              d="M18.0703 7.35322L9.55468 1.11823C9.39047 0.998024 9.16738 0.998024 9.00324 1.11823L0.487521 7.35322C0.279521 7.50553 0.234328 7.7976 0.386643 8.0056C0.538959 8.2136 0.831065 8.25873 1.03903 8.10648L9.27892 2.07336L17.5188 8.10644C17.6019 8.16732 17.6985 8.19662 17.7942 8.19662C17.9379 8.19662 18.0797 8.13048 18.1712 8.00557C18.3235 7.7976 18.2783 7.50553 18.0703 7.35322Z"
              fill="white"
              stroke="white"
              stroke-width="0.5"
            />
            <path
              d="M15.8139 8.21191C15.5561 8.21191 15.3471 8.4209 15.3471 8.67869V16.1085H11.613V12.0528C11.613 10.7658 10.5659 9.71879 9.27897 9.71879C7.99202 9.71879 6.94494 10.7659 6.94494 12.0528V16.1085H3.2108V8.67872C3.2108 8.42093 3.00178 8.21195 2.74402 8.21195C2.48627 8.21195 2.27725 8.42093 2.27725 8.67872V16.5753C2.27725 16.8331 2.48627 17.0421 2.74402 17.0421H7.41171C7.65718 17.0421 7.85806 16.8524 7.87666 16.6117C7.87778 16.6008 7.87848 16.5888 7.87848 16.5753V12.0529C7.87848 11.2806 8.50673 10.6524 9.27897 10.6524C10.0512 10.6524 10.6795 11.2807 10.6795 12.0529V16.5753C10.6795 16.5888 10.6802 16.6005 10.6813 16.6112C10.6997 16.8522 10.9006 17.0421 11.1462 17.0421H15.8139C16.0717 17.0421 16.2807 16.8331 16.2807 16.5753V8.67872C16.2807 8.4209 16.0717 8.21191 15.8139 8.21191Z"
              fill="white"
              stroke="white"
              stroke-width="0.5"
            />
          </svg>
          <p
            class="chakra-text css-kbn7if"
          >
            Dashboard
          </p>
        </a>
      </li>
      <li
        class="css-16k9dcn"
      >
        <a
          class="chakra-link css-10wiyls"
          href="/product-services"
        >
          <svg
            fill="none"
            height="18"
            viewBox="0 0 19 18"
            width="19"
            xmlns="http://www.w3.org/2000/svg"
          >
            <path
              d="M18.0703 7.35322L9.55468 1.11823C9.39047 0.998024 9.16738 0.998024 9.00324 1.11823L0.487521 7.35322C0.279521 7.50553 0.234328 7.7976 0.386643 8.0056C0.538959 8.2136 0.831065 8.25873 1.03903 8.10648L9.27892 2.07336L17.5188 8.10644C17.6019 8.16732 17.6985 8.19662 17.7942 8.19662C17.9379 8.19662 18.0797 8.13048 18.1712 8.00557C18.3235 7.7976 18.2783 7.50553 18.0703 7.35322Z"
              fill="white"
              stroke="white"
              stroke-width="0.5"
            />
            <path
              d="M15.8139 8.21191C15.5561 8.21191 15.3471 8.4209 15.3471 8.67869V16.1085H11.613V12.0528C11.613 10.7658 10.5659 9.71879 9.27897 9.71879C7.99202 9.71879 6.94494 10.7659 6.94494 12.0528V16.1085H3.2108V8.67872C3.2108 8.42093 3.00178 8.21195 2.74402 8.21195C2.48627 8.21195 2.27725 8.42093 2.27725 8.67872V16.5753C2.27725 16.8331 2.48627 17.0421 2.74402 17.0421H7.41171C7.65718 17.0421 7.85806 16.8524 7.87666 16.6117C7.87778 16.6008 7.87848 16.5888 7.87848 16.5753V12.0529C7.87848 11.2806 8.50673 10.6524 9.27897 10.6524C10.0512 10.6524 10.6795 11.2807 10.6795 12.0529V16.5753C10.6795 16.5888 10.6802 16.6005 10.6813 16.6112C10.6997 16.8522 10.9006 17.0421 11.1462 17.0421H15.8139C16.0717 17.0421 16.2807 16.8331 16.2807 16.5753V8.67872C16.2807 8.4209 16.0717 8.21191 15.8139 8.21191Z"
              fill="white"
              stroke="white"
              stroke-width="0.5"
            />
          </svg>
          <p
            class="chakra-text css-kbn7if"
          >
            Product & services
          </p>
        </a>
      </li>
      <li
        class="css-16k9dcn"
      >
        <a
          class="chakra-link css-10wiyls"
          href="/technicians"
        >
          <svg
            fill="none"
            height="21"
            viewBox="0 0 17 21"
            width="17"
            xmlns="http://www.w3.org/2000/svg"
          >
            <path
              clip-rule="evenodd"
              d="M8.65094 10.6969H8.59132C7.49939 10.6783 6.61616 10.2944 5.96771 9.56025C4.53293 7.94286 4.77144 5.17019 4.79753 4.90559C4.89069 2.90435 5.84473 1.95404 6.62734 1.51056C7.40622 1.06708 8.21865 1 8.63231 1H8.65467H8.66958H8.69566C9.44846 1.01491 10.123 1.19379 10.7006 1.52547C11.4758 1.96894 12.4149 2.91925 12.5081 4.90559C12.5342 5.17019 12.7727 7.94286 11.3379 9.56025C10.6857 10.2944 9.8025 10.6783 8.71057 10.6969H8.6733H8.65094ZM5.7947 4.98092C5.79369 4.98645 5.79256 4.9926 5.79256 4.99876C5.78883 5.02112 5.53542 7.56646 6.71678 8.89317C7.18262 9.42236 7.81243 9.68323 8.63231 9.69068H8.65094H8.66958C9.49318 9.68323 10.1193 9.42236 10.5888 8.89317C11.7739 7.55901 11.5131 5.02484 11.5093 4.99876C11.5056 4.9913 11.5056 4.98012 11.5056 4.96894C11.3901 2.44224 9.67951 2.0323 8.6733 2.00994H8.64349H8.62858C7.81616 2.00994 5.91927 2.29689 5.79628 4.96894C5.79628 4.97229 5.79553 4.9764 5.7947 4.98092Z"
              fill="white"
              fill-rule="evenodd"
            />
            <path
              d="M8.59132 10.6969L8.58705 10.9469H8.59132V10.6969ZM5.96771 9.56025L6.15509 9.39475L6.15473 9.39434L5.96771 9.56025ZM4.79753 4.90559L5.04665 4.93015L5.04726 4.91722L4.79753 4.90559ZM6.62734 1.51056L6.75059 1.72807L6.75104 1.72781L6.62734 1.51056ZM8.69566 1L8.70061 0.75H8.69566V1ZM10.7006 1.52547L10.5761 1.74227L10.5765 1.74246L10.7006 1.52547ZM12.5081 4.90559L12.258 4.91732L12.2593 4.93012L12.5081 4.90559ZM11.3379 9.56025L11.5248 9.72628L11.5249 9.72615L11.3379 9.56025ZM8.71057 10.6969V10.9469L8.71484 10.9469L8.71057 10.6969ZM5.79256 4.99876L6.03916 5.03986L6.04256 5.01945V4.99876H5.79256ZM5.7947 4.98092L5.54881 4.93579L5.54881 4.93579L5.7947 4.98092ZM6.71678 8.89317L6.90444 8.72798L6.90349 8.72691L6.71678 8.89317ZM8.63231 9.69068L8.63004 9.94068H8.63231V9.69068ZM8.66958 9.69068V9.94069L8.67184 9.94067L8.66958 9.69068ZM10.5888 8.89317L10.4019 8.72714L10.4018 8.72724L10.5888 8.89317ZM11.5093 4.99876L11.7568 4.9634L11.7511 4.92324L11.7329 4.88696L11.5093 4.99876ZM11.5056 4.96894H11.7559L11.7553 4.95753L11.5056 4.96894ZM8.6733 2.00994L8.67886 1.75994H8.6733V2.00994ZM5.79628 4.96894L5.54628 4.95744V4.96894H5.79628ZM8.59132 10.9469H8.65094V10.4469H8.59132V10.9469ZM5.78034 9.72575C6.48067 10.5187 7.43356 10.9272 8.58705 10.9469L8.59558 10.4469C7.56522 10.4293 6.75165 10.0702 6.15509 9.39475L5.78034 9.72575ZM4.54873 4.88106C4.53476 5.02282 4.46705 5.80261 4.58674 6.75674C4.70578 7.70571 5.0144 8.86233 5.78069 9.72615L6.15473 9.39434C5.48624 8.64077 5.19673 7.60236 5.08285 6.69451C4.96962 5.7918 5.03421 5.05295 5.04632 4.93012L4.54873 4.88106ZM6.50409 1.29305C5.65312 1.77527 4.64529 2.79986 4.5478 4.89396L5.04726 4.91722C5.1361 3.00883 6.03635 2.1328 6.75059 1.72806L6.50409 1.29305ZM8.63231 0.75C8.19685 0.75 7.33535 0.81975 6.50364 1.29331L6.75104 1.72781C7.47709 1.31441 8.24044 1.25 8.63231 1.25V0.75ZM8.65467 0.75H8.63231V1.25H8.65467V0.75ZM8.66958 0.75H8.65467V1.25H8.66958V0.75ZM8.69566 0.75H8.66958V1.25H8.69566V0.75ZM10.8251 1.30866C10.2071 0.953824 9.49065 0.765693 8.70061 0.750049L8.69071 1.24995C9.40626 1.26412 10.0388 1.43375 10.5761 1.74227L10.8251 1.30866ZM12.7578 4.89388C12.6604 2.81607 11.6687 1.79129 10.8248 1.30847L10.5765 1.74246C11.2829 2.14659 12.1695 3.02244 12.2584 4.9173L12.7578 4.89388ZM11.5249 9.72615C12.2912 8.86233 12.5998 7.70571 12.7189 6.75674C12.8386 5.80261 12.7709 5.02282 12.7569 4.88106L12.2593 4.93012C12.2714 5.05295 12.336 5.7918 12.2228 6.69451C12.1089 7.60236 11.8194 8.64077 11.1509 9.39434L11.5249 9.72615ZM8.71484 10.9469C9.86848 10.9272 10.821 10.5186 11.5248 9.72628L11.151 9.39422C10.5505 10.0702 9.73651 10.4294 8.70631 10.4469L8.71484 10.9469ZM8.6733 10.9469H8.71057V10.4469H8.6733V10.9469ZM8.65094 10.9469H8.6733V10.4469H8.65094V10.9469ZM6.04256 4.99876C6.04256 5.01055 6.0415 5.01939 6.04095 5.0234C6.04047 5.02698 6.03995 5.02959 6.0406 5.02604L5.54881 4.93579C5.54844 4.93781 5.54256 4.96616 5.54256 4.99876H6.04256ZM6.90349 8.72691C6.36615 8.12346 6.14119 7.22076 6.05891 6.43093C5.97708 5.64535 6.04144 5.02617 6.03916 5.03986L5.54596 4.95766C5.53995 4.99371 5.47573 5.65837 5.56161 6.48273C5.64703 7.30284 5.88605 8.33616 6.53007 9.05942L6.90349 8.72691ZM8.63458 9.44069C7.87248 9.43377 7.31523 9.19465 6.90443 8.72798L6.52913 9.05835C7.05001 9.65007 7.75239 9.93269 8.63004 9.94067L8.63458 9.44069ZM8.65094 9.44068H8.63231V9.94068H8.65094V9.44068ZM8.66958 9.44068H8.65094V9.94068H8.66958V9.44068ZM10.4018 8.72724C9.98688 9.19489 9.43269 9.43377 8.66731 9.44069L8.67184 9.94067C9.55366 9.93269 10.2517 9.64983 10.7758 9.05909L10.4018 8.72724ZM11.2618 5.03412C11.2611 5.02863 11.3264 5.64819 11.2462 6.42992C11.1653 7.21789 10.9413 8.11987 10.4019 8.72714L10.7757 9.05919C11.4214 8.3323 11.6595 7.30013 11.7436 6.48095C11.8283 5.65553 11.7613 4.99497 11.7568 4.9634L11.2618 5.03412ZM11.2556 4.96894C11.2556 4.97194 11.2554 4.98936 11.2571 5.00789C11.2586 5.02478 11.2633 5.06572 11.2857 5.11056L11.7329 4.88696C11.743 4.90702 11.7481 4.92458 11.7508 4.93631C11.7535 4.94815 11.7546 4.95749 11.755 4.96261C11.7558 4.97089 11.7556 4.97713 11.7556 4.96894H11.2556ZM8.66775 2.25988C9.146 2.2705 9.76558 2.37367 10.2745 2.75112C10.772 3.12003 11.2009 3.77864 11.2559 4.98036L11.7553 4.95753C11.6948 3.63254 11.2106 2.82283 10.5724 2.3495C9.94563 1.88471 9.20682 1.77173 8.67886 1.76L8.66775 2.25988ZM8.64349 2.25994H8.6733V1.75994H8.64349V2.25994ZM8.62858 2.25994H8.64349V1.75994H8.62858V2.25994ZM6.04602 4.98044C6.10446 3.71071 6.57807 3.0486 7.09537 2.69354C7.62672 2.32884 8.24513 2.25994 8.62858 2.25994V1.75994C8.19961 1.75994 7.46337 1.83451 6.81242 2.2813C6.14742 2.73774 5.61109 3.55513 5.54655 4.95745L6.04602 4.98044ZM6.0406 5.02604C6.04081 5.02486 6.04212 5.01791 6.04321 5.01043C6.04427 5.00314 6.04628 4.98786 6.04628 4.96894H5.54628C5.54628 4.96063 5.54674 4.95382 5.54716 4.94914C5.54759 4.94441 5.54809 4.94072 5.5484 4.93855C5.5489 4.93509 5.54942 4.93246 5.54881 4.93579L6.0406 5.02604Z"
              fill="white"
            />
            <path
              d="M16.3093 16.2958C16.3093 16.292 16.3093 16.2883 16.3093 16.2846C16.3093 16.2548 16.3056 16.225 16.3056 16.1914C16.2832 15.4535 16.2348 13.7281 14.6174 13.1765C14.6062 13.1728 14.5913 13.169 14.5801 13.1653C12.8994 12.7368 11.5019 11.7678 11.487 11.7566C11.2596 11.5964 10.9466 11.6523 10.7863 11.8796C10.6261 12.1069 10.682 12.42 10.9093 12.5802C10.9727 12.625 12.4559 13.6572 14.3118 14.1343C15.1801 14.4436 15.277 15.3715 15.3031 16.2212C15.3031 16.2548 15.3031 16.2846 15.3068 16.3144C15.3106 16.6498 15.2882 17.1678 15.2286 17.4659C14.6248 17.8088 12.2584 18.9939 8.65839 18.9939C5.0733 18.9939 2.69193 17.8051 2.08448 17.4622C2.02485 17.1641 1.99876 16.6461 2.00621 16.3107C2.00621 16.2809 2.00994 16.251 2.00994 16.2175C2.03603 15.3678 2.13292 14.4399 3.00125 14.1305C4.85715 13.6535 6.34038 12.6175 6.40373 12.5765C6.63106 12.4163 6.68696 12.1032 6.52671 11.8759C6.36646 11.6486 6.05342 11.5927 5.82609 11.7529C5.81118 11.7641 4.42112 12.733 2.73292 13.1616C2.71802 13.1653 2.70684 13.169 2.69566 13.1728C1.07826 13.7281 1.02982 15.4535 1.00746 16.1877C1.00746 16.2212 1.00746 16.251 1.00373 16.2809C1.00373 16.2846 1.00373 16.2883 1.00373 16.292C1 16.4858 0.996277 17.4809 1.19379 17.9802C1.23106 18.0771 1.29814 18.1591 1.38758 18.215C1.49938 18.2895 4.17889 19.9964 8.66212 19.9964C13.1453 19.9964 15.8248 18.2858 15.9366 18.215C16.0224 18.1591 16.0932 18.0771 16.1304 17.9802C16.3168 17.4846 16.313 16.4895 16.3093 16.2958Z"
              fill="white"
              stroke="white"
              stroke-width="0.5"
            />
          </svg>
          <p
            class="chakra-text css-kbn7if"
          >
            Technicians
          </p>
        </a>
      </li>
      <li
        class="css-16k9dcn"
      >
        <a
          class="chakra-link css-10wiyls"
          href="/reports"
        >
          <svg
            fill="none"
            height="20"
            viewBox="0 0 20 20"
            width="20"
            xmlns="http://www.w3.org/2000/svg"
          >
            <path
              clip-rule="evenodd"
              d="M15.0625 2.6875H17.5004C18.3289 2.6875 19 3.35856 19 4.18712V17.4998C19 18.3284 18.3289 19 17.5004 19H2.50019C1.67163 19 1 18.3284 1 17.4998V4.18712C1 3.35856 1.67163 2.6875 2.50019 2.6875H4.9375V1.5625C4.9375 1.25144 5.1895 1 5.5 1C5.8105 1 6.0625 1.25144 6.0625 1.5625V2.6875H9.4375V1.5625C9.4375 1.25144 9.6895 1 10 1C10.3105 1 10.5625 1.25144 10.5625 1.5625V2.6875H13.9375V1.5625C13.9375 1.25144 14.1889 1 14.5 1C14.8111 1 15.0625 1.25144 15.0625 1.5625V2.6875ZM17.5004 17.875C17.7068 17.875 17.875 17.7068 17.875 17.4998V4.18712C17.875 3.98069 17.7068 3.8125 17.5004 3.8125H15.0625V4.9375C15.0625 5.24856 14.8111 5.5 14.5 5.5C14.1889 5.5 13.9375 5.24856 13.9375 4.9375V3.8125H10.5625V4.9375C10.5625 5.24856 10.3105 5.5 10 5.5C9.6895 5.5 9.4375 5.24856 9.4375 4.9375V3.8125H6.0625V4.9375C6.0625 5.24856 5.8105 5.5 5.5 5.5C5.1895 5.5 4.9375 5.24856 4.9375 4.9375V3.8125H2.50019C2.29319 3.8125 2.125 3.98069 2.125 4.18712V17.4998C2.125 17.7068 2.29319 17.875 2.50019 17.875H17.5004Z"
              fill="white"
              fill-rule="evenodd"
            />
            <path
              d="M15.0625 2.6875H14.8125V2.9375H15.0625V2.6875ZM4.9375 2.6875V2.9375H5.1875V2.6875H4.9375ZM6.0625 2.6875H5.8125V2.9375H6.0625V2.6875ZM9.4375 2.6875V2.9375H9.6875V2.6875H9.4375ZM10.5625 2.6875H10.3125V2.9375H10.5625V2.6875ZM13.9375 2.6875V2.9375H14.1875V2.6875H13.9375ZM15.0625 3.8125V3.5625H14.8125V3.8125H15.0625ZM13.9375 3.8125H14.1875V3.5625H13.9375V3.8125ZM10.5625 3.8125V3.5625H10.3125V3.8125H10.5625ZM9.4375 3.8125H9.6875V3.5625H9.4375V3.8125ZM6.0625 3.8125V3.5625H5.8125V3.8125H6.0625ZM4.9375 3.8125H5.1875V3.5625H4.9375V3.8125ZM17.5004 2.4375H15.0625V2.9375H17.5004V2.4375ZM19.25 4.18712C19.25 3.22049 18.467 2.4375 17.5004 2.4375V2.9375C18.1909 2.9375 18.75 3.49663 18.75 4.18712H19.25ZM19.25 17.4998V4.18712H18.75V17.4998H19.25ZM17.5004 19.25C18.4671 19.25 19.25 18.4663 19.25 17.4998H18.75C18.75 18.1904 18.1907 18.75 17.5004 18.75V19.25ZM2.50019 19.25H17.5004V18.75H2.50019V19.25ZM0.75 17.4998C0.75 18.4664 1.53355 19.25 2.50019 19.25V18.75C1.8097 18.75 1.25 18.1903 1.25 17.4998H0.75ZM0.75 4.18712V17.4998H1.25V4.18712H0.75ZM2.50019 2.4375C1.53368 2.4375 0.75 3.22037 0.75 4.18712H1.25C1.25 3.49676 1.80957 2.9375 2.50019 2.9375V2.4375ZM4.9375 2.4375H2.50019V2.9375H4.9375V2.4375ZM4.6875 1.5625V2.6875H5.1875V1.5625H4.6875ZM5.5 0.75C5.05159 0.75 4.6875 1.1132 4.6875 1.5625H5.1875C5.1875 1.38967 5.32741 1.25 5.5 1.25V0.75ZM6.3125 1.5625C6.3125 1.1132 5.94841 0.75 5.5 0.75V1.25C5.67259 1.25 5.8125 1.38967 5.8125 1.5625H6.3125ZM6.3125 2.6875V1.5625H5.8125V2.6875H6.3125ZM9.4375 2.4375H6.0625V2.9375H9.4375V2.4375ZM9.1875 1.5625V2.6875H9.6875V1.5625H9.1875ZM10 0.75C9.55159 0.75 9.1875 1.1132 9.1875 1.5625H9.6875C9.6875 1.38967 9.82741 1.25 10 1.25V0.75ZM10.8125 1.5625C10.8125 1.1132 10.4484 0.75 10 0.75V1.25C10.1726 1.25 10.3125 1.38967 10.3125 1.5625H10.8125ZM10.8125 2.6875V1.5625H10.3125V2.6875H10.8125ZM13.9375 2.4375H10.5625V2.9375H13.9375V2.4375ZM13.6875 1.5625V2.6875H14.1875V1.5625H13.6875ZM14.5 0.75C14.0509 0.75 13.6875 1.11337 13.6875 1.5625H14.1875C14.1875 1.38951 14.327 1.25 14.5 1.25V0.75ZM15.3125 1.5625C15.3125 1.11337 14.9491 0.75 14.5 0.75V1.25C14.673 1.25 14.8125 1.38951 14.8125 1.5625H15.3125ZM15.3125 2.6875V1.5625H14.8125V2.6875H15.3125ZM17.625 17.4998C17.625 17.569 17.5685 17.625 17.5004 17.625V18.125C17.8451 18.125 18.125 17.8446 18.125 17.4998H17.625ZM17.625 4.18712V17.4998H18.125V4.18712H17.625ZM17.5004 4.0625C17.5687 4.0625 17.625 4.11876 17.625 4.18712H18.125C18.125 3.84262 17.8449 3.5625 17.5004 3.5625V4.0625ZM15.0625 4.0625H17.5004V3.5625H15.0625V4.0625ZM15.3125 4.9375V3.8125H14.8125V4.9375H15.3125ZM14.5 5.75C14.9491 5.75 15.3125 5.38663 15.3125 4.9375H14.8125C14.8125 5.11049 14.673 5.25 14.5 5.25V5.75ZM13.6875 4.9375C13.6875 5.38663 14.0509 5.75 14.5 5.75V5.25C14.327 5.25 14.1875 5.11049 14.1875 4.9375H13.6875ZM13.6875 3.8125V4.9375H14.1875V3.8125H13.6875ZM10.5625 4.0625H13.9375V3.5625H10.5625V4.0625ZM10.8125 4.9375V3.8125H10.3125V4.9375H10.8125ZM10 5.75C10.4484 5.75 10.8125 5.3868 10.8125 4.9375H10.3125C10.3125 5.11033 10.1726 5.25 10 5.25V5.75ZM9.1875 4.9375C9.1875 5.3868 9.55159 5.75 10 5.75V5.25C9.82741 5.25 9.6875 5.11033 9.6875 4.9375H9.1875ZM9.1875 3.8125V4.9375H9.6875V3.8125H9.1875ZM6.0625 4.0625H9.4375V3.5625H6.0625V4.0625ZM6.3125 4.9375V3.8125H5.8125V4.9375H6.3125ZM5.5 5.75C5.94841 5.75 6.3125 5.3868 6.3125 4.9375H5.8125C5.8125 5.11033 5.67259 5.25 5.5 5.25V5.75ZM4.6875 4.9375C4.6875 5.3868 5.05159 5.75 5.5 5.75V5.25C5.32741 5.25 5.1875 5.11033 5.1875 4.9375H4.6875ZM4.6875 3.8125V4.9375H5.1875V3.8125H4.6875ZM2.50019 4.0625H4.9375V3.5625H2.50019V4.0625ZM2.375 4.18712C2.375 4.119 2.43101 4.0625 2.50019 4.0625V3.5625C2.15536 3.5625 1.875 3.84237 1.875 4.18712H2.375ZM2.375 17.4998V4.18712H1.875V17.4998H2.375ZM2.50019 17.625C2.43126 17.625 2.375 17.5687 2.375 17.4998H1.875C1.875 17.8449 2.15512 18.125 2.50019 18.125V17.625ZM17.5004 17.625H2.50019V18.125H17.5004V17.625Z"
              fill="white"
            />
            <rect
              fill="white"
              height="1.6875"
              width="2.25"
              x="4.9375"
              y="7.75"
            />
            <rect
              fill="white"
              height="1.6875"
              width="2.25"
              x="4.9375"
              y="10.5625"
            />
            <rect
              fill="white"
              height="1.6875"
              width="2.25"
              x="4.9375"
              y="13.375"
            />
            <rect
              fill="white"
              height="1.6875"
              width="2.25"
              x="8.875"
              y="13.375"
            />
            <rect
              fill="white"
              height="1.6875"
              width="2.25"
              x="8.875"
              y="10.5625"
            />
            <rect
              fill="white"
              height="1.6875"
              width="2.25"
              x="8.875"
              y="7.75"
            />
            <rect
              fill="white"
              height="1.6875"
              width="2.25"
              x="12.8125"
              y="13.375"
            />
            <rect
              fill="white"
              height="1.6875"
              width="2.25"
              x="12.8125"
              y="10.5625"
            />
            <rect
              fill="white"
              height="1.6875"
              width="2.25"
              x="12.8125"
              y="7.75"
            />
          </svg>
          <p
            class="chakra-text css-kbn7if"
          >
            Reports
          </p>
        </a>
      </li>
      <li
        class="css-16k9dcn"
      >
        <a
          class="chakra-link css-10wiyls"
          href="/feedbacks"
        >
          <svg
            fill="none"
            height="20"
            viewBox="0 0 20 20"
            width="20"
            xmlns="http://www.w3.org/2000/svg"
          >
            <path
              clip-rule="evenodd"
              d="M9.99548 1C12.4007 1 14.6576 1.93615 16.3588 3.63721C18.06 5.33827 19 7.59493 19 10C19 12.4051 18.0638 14.6617 16.3626 16.3628C14.6271 18.0981 12.3208 19 9.99167 19C8.54166 19 7.08023 18.6499 5.7444 17.9307C4.54557 18.7945 3.37338 18.981 2.57797 18.981C2.28112 18.981 2.03755 18.9543 1.86629 18.9277C1.50093 18.8706 1.2193 18.5852 1.16221 18.2199C1.10513 17.8545 1.29161 17.5006 1.62271 17.337C2.31156 16.9983 2.77587 16.3209 3.06511 15.7387C0.115618 12.1882 0.343966 6.92516 3.63218 3.63721C5.33337 1.93615 7.59021 1 9.99548 1ZM5.95752 16.8765C9.08589 18.7146 13.063 18.2047 15.6319 15.6359C18.7412 12.5268 18.7412 7.47315 15.6281 4.36406C12.5225 1.25497 7.46462 1.25497 4.35528 4.36406C1.37914 7.33996 1.23452 12.1349 4.02037 15.282C4.09268 15.3658 4.13454 15.4685 4.14596 15.5712C4.1726 15.6778 4.16499 15.792 4.11932 15.9023C3.83388 16.5531 3.34674 17.3903 2.57416 17.9535H2.57797C3.24779 17.9535 4.26013 17.786 5.29151 16.9869C5.30292 16.9755 5.31815 16.9641 5.33337 16.9564C5.49702 16.7928 5.75201 16.7548 5.95752 16.8765Z"
              fill="white"
              fill-rule="evenodd"
            />
            <path
              d="M16.3588 3.63721L16.182 3.81399L16.3588 3.63721ZM16.3626 16.3628L16.5393 16.5396L16.3626 16.3628ZM5.7444 17.9307L5.86291 17.7105L5.72517 17.6364L5.59824 17.7278L5.7444 17.9307ZM1.86629 18.9277L1.82769 19.1747L1.82786 19.1747L1.86629 18.9277ZM1.62271 17.337L1.51241 17.1126L1.51195 17.1129L1.62271 17.337ZM3.06511 15.7387L3.28901 15.8499L3.36142 15.7041L3.25742 15.5789L3.06511 15.7387ZM3.63218 3.63721L3.80895 3.81399L3.63218 3.63721ZM15.6319 15.6359L15.8086 15.8127L15.6319 15.6359ZM5.95752 16.8765L5.83008 17.0916L5.83088 17.0921L5.95752 16.8765ZM15.6281 4.36406L15.4512 4.54073L15.4514 4.54095L15.6281 4.36406ZM4.35528 4.36406L4.17851 4.18728L4.35528 4.36406ZM4.02037 15.282L4.20958 15.1186L4.20756 15.1163L4.02037 15.282ZM4.14596 15.5712L3.89749 15.5989L3.89935 15.6156L3.90343 15.6319L4.14596 15.5712ZM4.11932 15.9023L4.34831 16.0028L4.35032 15.9979L4.11932 15.9023ZM2.57416 17.9535L2.42689 17.7515L1.80685 18.2035H2.57416V17.9535ZM5.29151 16.9869L5.44463 17.1845L5.45711 17.1748L5.46828 17.1637L5.29151 16.9869ZM5.33337 16.9564L5.44517 17.1801L5.48145 17.1619L5.51014 17.1332L5.33337 16.9564ZM16.5355 3.46043C14.7875 1.71256 12.4671 0.75 9.99548 0.75V1.25C12.3343 1.25 14.5276 2.15974 16.182 3.81399L16.5355 3.46043ZM19.25 10C19.25 7.52823 18.2834 5.2081 16.5355 3.46043L16.182 3.81399C17.8366 5.46844 18.75 7.66162 18.75 10H19.25ZM16.5393 16.5396C18.2874 14.7917 19.25 12.4715 19.25 10H18.75C18.75 12.3387 17.8402 14.5318 16.1858 16.186L16.5393 16.5396ZM9.99167 19.25C12.3852 19.25 14.7556 18.3231 16.5393 16.5396L16.1858 16.186C14.4986 17.8731 12.2565 18.75 9.99167 18.75V19.25ZM5.62588 18.1508C6.99912 18.8902 8.50141 19.25 9.99167 19.25V18.75C8.5819 18.75 7.16135 18.4096 5.86291 17.7105L5.62588 18.1508ZM2.57797 19.231C3.41312 19.231 4.63988 19.0347 5.89055 18.1335L5.59824 17.7278C4.45126 18.5543 3.33365 18.731 2.57797 18.731V19.231ZM1.82786 19.1747C2.00967 19.203 2.26623 19.231 2.57797 19.231V18.731C2.29601 18.731 2.06543 18.7057 1.90471 18.6807L1.82786 19.1747ZM0.91521 18.2585C0.988834 18.7296 1.3534 19.1006 1.82769 19.1747L1.90488 18.6807C1.64846 18.6406 1.44977 18.4408 1.40922 18.1813L0.91521 18.2585ZM1.51195 17.1129C1.08424 17.3243 0.841029 17.7837 0.91521 18.2585L1.40922 18.1813C1.36922 17.9253 1.49898 17.677 1.73348 17.5611L1.51195 17.1129ZM2.84122 15.6275C2.56044 16.1927 2.12739 16.8103 1.51241 17.1126L1.73302 17.5613C2.49574 17.1863 2.9913 16.4492 3.28901 15.8499L2.84122 15.6275ZM3.45541 3.46043C0.0757543 6.83981 -0.159115 12.2487 2.87281 15.8984L3.25742 15.5789C0.390351 12.1276 0.612177 7.01051 3.80895 3.81399L3.45541 3.46043ZM9.99548 0.75C7.5238 0.75 5.20341 1.71256 3.45541 3.46043L3.80895 3.81399C5.46333 2.15974 7.65662 1.25 9.99548 1.25V0.75ZM15.4551 15.4592C12.9666 17.9475 9.1142 18.4413 6.08417 16.661L5.83088 17.0921C9.05758 18.9879 13.1593 18.4618 15.8086 15.8127L15.4551 15.4592ZM15.4514 4.54095C18.4668 7.5524 18.4668 12.4477 15.4551 15.4592L15.8086 15.8127C19.0156 12.606 19.0156 7.3939 15.8047 4.18717L15.4514 4.54095ZM4.53205 4.54084C7.54382 1.52931 12.4434 1.52947 15.4512 4.54073L15.8049 4.18738C12.6017 0.980467 7.38542 0.980623 4.17851 4.18728L4.53205 4.54084ZM4.20756 15.1163C1.50935 12.0682 1.64935 7.42331 4.53205 4.54084L4.17851 4.18728C1.10893 7.25661 0.959697 12.2016 3.83317 15.4477L4.20756 15.1163ZM4.39443 15.5436C4.37774 15.3934 4.31666 15.2426 4.20957 15.1186L3.83117 15.4454C3.8687 15.4889 3.89135 15.5436 3.89749 15.5989L4.39443 15.5436ZM4.35032 15.9979C4.41606 15.8391 4.42839 15.6702 4.38849 15.5106L3.90343 15.6319C3.91681 15.6854 3.91392 15.7449 3.88832 15.8067L4.35032 15.9979ZM2.72144 18.1555C3.54547 17.5548 4.05498 16.6714 4.34826 16.0027L3.89038 15.8019C3.61279 16.4348 3.14802 17.2258 2.42689 17.7515L2.72144 18.1555ZM2.57797 17.7035H2.57416V18.2035H2.57797V17.7035ZM5.13838 16.7893C4.15986 17.5475 3.20498 17.7035 2.57797 17.7035V18.2035C3.2906 18.2035 4.3604 18.0246 5.44463 17.1845L5.13838 16.7893ZM5.22157 16.7328C5.1799 16.7537 5.14314 16.7817 5.11474 16.8101L5.46828 17.1637C5.46453 17.1674 5.46144 17.1699 5.45884 17.1719C5.45632 17.1737 5.45193 17.1767 5.44517 17.1801L5.22157 16.7328ZM6.08496 16.6615C5.77825 16.4797 5.39855 16.5377 5.1566 16.7797L5.51014 17.1332C5.59549 17.0479 5.72576 17.0298 5.83008 17.0916L6.08496 16.6615Z"
              fill="white"
            />
            <circle
              cx="10.5"
              cy="10.5"
              fill="white"
              r="0.5"
              stroke="white"
              stroke-width="0.5"
            />
            <circle
              cx="14.5"
              cy="10.5"
              fill="white"
              r="0.5"
              stroke="white"
              stroke-width="0.5"
            />
            <circle
              cx="6.5"
              cy="10.5"
              fill="white"
              r="0.5"
              stroke="white"
              stroke-width="0.5"
            />
          </svg>
          <p
            class="chakra-text css-kbn7if"
          >
            Feedbacks
          </p>
        </a>
      </li>
      <li
        class="css-16k9dcn"
      >
        <a
          class="chakra-link css-10wiyls"
          href="/history"
        >
          <svg
            fill="none"
            height="18"
            viewBox="0 0 18 18"
            width="18"
            xmlns="http://www.w3.org/2000/svg"
          >
            <path
              d="M0.741216 10.604C0.667973 10.2247 0.621098 9.84092 0.600444 9.45523C0.591509 9.28955 0.450005 9.16241 0.284184 9.17134C0.11851 9.18042 -0.0084915 9.32193 0.000444033 9.4876C0.0222702 9.90054 0.0723679 10.3116 0.150444 10.7176C0.17769 10.8585 0.300884 10.9604 0.444438 10.9606C0.463628 10.9606 0.482817 10.9587 0.501714 10.9552C0.580083 10.9406 0.649516 10.8952 0.694341 10.8293C0.739311 10.7633 0.756157 10.6823 0.741216 10.604Z"
              fill="white"
            />
            <path
              d="M2.08095 13.7821C1.98662 13.6459 1.79955 13.6119 1.66332 13.7062C1.52709 13.8006 1.49311 13.9876 1.58745 14.1238C1.82314 14.4638 2.08183 14.7873 2.36205 15.0917C2.47412 15.2137 2.66396 15.2217 2.78598 15.1097C2.908 14.9975 2.91606 14.8078 2.804 14.6858C2.54252 14.4014 2.30097 14.0995 2.08095 13.7821Z"
              fill="white"
            />
            <path
              d="M0.293857 8.57097C0.302206 8.57156 0.31041 8.57156 0.318759 8.57097C0.475351 8.57156 0.605868 8.45158 0.618759 8.29558C0.650253 7.91062 0.708701 7.52829 0.793369 7.15139C0.829697 6.98952 0.727744 6.82883 0.565732 6.7925C0.403867 6.75617 0.243173 6.85813 0.206845 7.01999C0.115732 7.42429 0.0527435 7.83445 0.0181732 8.24739C0.0115814 8.32693 0.0370697 8.40573 0.0887787 8.46653C0.140488 8.52717 0.214316 8.56482 0.293857 8.57097Z"
              fill="white"
            />
            <path
              d="M4.5857 16.1559C4.25669 15.9531 3.94219 15.7279 3.64424 15.4818C3.51651 15.3763 3.32739 15.3943 3.22178 15.522C3.11631 15.6498 3.13433 15.8389 3.26206 15.9444C3.5814 16.2077 3.91817 16.449 4.27031 16.6665C4.36157 16.7276 4.47891 16.7341 4.57617 16.6832C4.67359 16.6324 4.7354 16.5325 4.73731 16.4226C4.73921 16.3129 4.68106 16.2108 4.5857 16.1565V16.1559Z"
              fill="white"
            />
            <path
              d="M0.736373 6.21834C0.770064 6.23094 0.805806 6.23753 0.841988 6.23753C0.966939 6.23753 1.07871 6.16004 1.1228 6.04314C1.22402 5.77288 1.33945 5.50804 1.46865 5.24993C1.54116 5.10198 1.48081 4.92327 1.3333 4.84959C1.18593 4.77591 1.00678 4.83494 0.931929 4.98172C0.793795 5.25857 0.669869 5.54231 0.560884 5.83191C0.502584 5.98704 0.581099 6.16018 0.736373 6.21834Z"
              fill="white"
            />
            <path
              d="M1.03813 11.7219C0.984521 11.565 0.813867 11.4813 0.656982 11.5351C0.500097 11.5887 0.416601 11.7594 0.470215 11.9162C0.604834 12.3076 0.766113 12.6895 0.952881 13.059C1.02978 13.2028 1.20747 13.2589 1.35308 13.1852C1.49853 13.1116 1.55859 12.9352 1.48813 12.788C1.31382 12.4434 1.16338 12.0872 1.03813 11.7219Z"
              fill="white"
            />
            <path
              d="M6.70064 17.085C6.32886 16.9802 5.96485 16.85 5.61109 16.6949C5.4605 16.6347 5.28941 16.7048 5.22452 16.8534C5.15962 17.0019 5.22452 17.1751 5.371 17.2445C5.7504 17.411 6.14063 17.5514 6.53921 17.6645C6.56587 17.6719 6.59327 17.6757 6.62081 17.6759C6.77081 17.6762 6.89795 17.5656 6.91846 17.4169C6.93897 17.2684 6.84654 17.1274 6.7021 17.087L6.70064 17.085Z"
              fill="white"
            />
            <path
              d="M1.70947 11.5226C1.7726 11.6758 1.94794 11.7489 2.10116 11.6859C2.25439 11.6228 2.32763 11.4474 2.26449 11.2942C2.11801 10.9401 2.00199 10.5741 1.91806 10.2001C1.88217 10.0382 1.72192 9.93614 1.56005 9.97203C1.39804 10.0078 1.29594 10.1682 1.33183 10.33C1.42353 10.7376 1.54994 11.1364 1.70947 11.5226Z"
              fill="white"
            />
            <path
              d="M1.76381 6.99956C1.79296 7.00864 1.82328 7.01333 1.8539 7.01333C1.98486 7.01333 2.10072 6.92837 2.13998 6.80342C2.25468 6.43677 2.39838 6.07993 2.56991 5.73628C2.64447 5.58819 2.58486 5.40772 2.43691 5.33316C2.28881 5.2586 2.10834 5.31821 2.03378 5.46631C1.84789 5.83867 1.69203 6.22525 1.56767 6.62251C1.5435 6.69854 1.55068 6.78101 1.58744 6.85176C1.62421 6.92251 1.68779 6.97569 1.76381 6.99956Z"
              fill="white"
            />
            <path
              d="M1.78814 9.06162V9.00405C1.79297 8.64311 1.823 8.28305 1.87808 7.92636C1.89654 7.81943 1.85567 7.71088 1.7713 7.64262C1.68692 7.57421 1.57222 7.55678 1.4713 7.59707C1.37051 7.6372 1.29932 7.72876 1.28511 7.83642C1.22579 8.22021 1.19341 8.60766 1.18814 8.99585V9.07568C1.18843 9.15463 1.22022 9.23007 1.27662 9.28515C1.33316 9.34023 1.40933 9.37041 1.48814 9.36879C1.65528 9.36557 1.78887 9.22876 1.78814 9.06162Z"
              fill="white"
            />
            <path
              d="M5.11332 14.8756C4.80014 14.6497 4.50292 14.4023 4.22416 14.1353C4.1039 14.0253 3.91786 14.0314 3.80507 14.1492C3.69242 14.2668 3.69418 14.453 3.80917 14.5684C4.10814 14.8552 4.42689 15.1207 4.76293 15.3628C4.8974 15.4596 5.0849 15.429 5.18173 15.2944C5.27855 15.1599 5.24794 14.9724 5.11332 14.8756Z"
              fill="white"
            />
            <path
              d="M7.15809 15.9144C6.79261 15.7989 6.43753 15.653 6.09637 15.4783C5.94886 15.4028 5.7681 15.4613 5.69281 15.6088C5.61737 15.7564 5.67582 15.9371 5.82347 16.0125C6.19452 16.2025 6.58094 16.3611 6.97836 16.4868C7.13656 16.5365 7.30487 16.4487 7.35467 16.2907C7.40433 16.1326 7.31644 15.9642 7.15838 15.9144H7.15809Z"
              fill="white"
            />
            <path
              d="M3.39521 13.7004C3.5247 13.5971 3.54609 13.4084 3.44296 13.279C3.20156 12.9768 2.9811 12.6584 2.7829 12.3264C2.7309 12.229 2.62939 12.168 2.51879 12.1677C2.40834 12.1676 2.30654 12.2282 2.25424 12.3255C2.2018 12.4229 2.20707 12.5411 2.26816 12.6333C2.48012 12.9888 2.71596 13.3296 2.97406 13.6534C3.07734 13.783 3.2663 13.8042 3.39579 13.7007L3.39521 13.7004Z"
              fill="white"
            />
            <path
              d="M8.98813 1.17144e-05C7.26621 -0.00277149 5.57988 0.490441 4.13086 1.42076L2.90859 0.0966914C2.82978 0.0111445 2.70864 -0.0209356 2.59775 0.0140742C2.48686 0.0492305 2.4063 0.145178 2.39077 0.260461L1.79077 4.76046C1.77847 4.85348 1.8104 4.94694 1.8769 5.013C1.94355 5.07906 2.0373 5.11012 2.13018 5.09708L6.33018 4.49708C6.44033 4.48112 6.53276 4.40538 6.56997 4.3005C6.60732 4.19547 6.5833 4.07843 6.50771 3.99669L5.37788 2.77296C7.99805 1.25216 11.2897 1.53414 13.6129 3.47828C15.9362 5.42242 16.794 8.61285 15.7589 11.4599C14.724 14.307 12.0176 16.2018 8.98813 16.2H8.98447C8.74761 16.2 8.51089 16.1855 8.27563 16.1568C8.11113 16.1369 7.96157 16.2542 7.9418 16.4187C7.92187 16.5832 8.03906 16.7328 8.20371 16.7526C8.4624 16.784 8.723 16.7999 8.98359 16.8H8.98813C12.3177 16.8026 15.282 14.6914 16.3679 11.5439C17.4538 8.3962 16.4219 4.90636 13.7988 2.85543C11.1759 0.804504 7.54014 0.644689 4.74741 2.45758C4.67344 2.50592 4.62451 2.58429 4.61352 2.67189C4.60268 2.75963 4.63096 2.84752 4.69087 2.91241L5.68096 3.98409L2.43794 4.44786L2.90112 0.973254L3.86118 2.01549C3.96211 2.12506 4.12822 2.14396 4.25112 2.05988C7.23193 0.0274043 11.1775 0.125256 14.0539 2.30304C16.9301 4.48068 18.0946 8.25191 16.9469 11.6722C15.7994 15.0924 12.5959 17.398 8.98813 17.4C8.60186 17.4002 8.21616 17.3738 7.8334 17.3215C7.67095 17.3017 7.52256 17.4161 7.50029 17.5783C7.47788 17.7404 7.58979 17.8907 7.75151 17.9158C11.0818 18.3747 14.3902 16.9395 16.3304 14.1941C18.2706 11.4488 18.5188 7.85099 16.9743 4.86505C15.4298 1.87911 12.3498 0.0029414 8.98813 1.17144e-05Z"
              fill="white"
            />
            <path
              d="M8.98814 3.30005C8.82247 3.30005 8.68814 3.43438 8.68814 3.60005V9.00005C8.68814 9.07959 8.71978 9.15591 8.77603 9.21216L11.776 12.2122C11.8938 12.3258 12.0809 12.3242 12.1966 12.2085C12.3123 12.0928 12.3139 11.9057 12.2003 11.7879L9.28814 8.87583V3.60005C9.28814 3.43438 9.15381 3.30005 8.98814 3.30005Z"
              fill="white"
            />
          </svg>
          <p
            class="chakra-text css-kbn7if"
          >
            History
          </p>
        </a>
      </li>
    </ul>
  </div>
</div>
`;
