// Jest Snapshot v1, https://goo.gl/fbAQLP

exports[`Input component match snapshot 1`] = `
<div>
  <div
    class="chakra-form-control css-0"
    data-invalid=""
    role="group"
  >
    <label
      class="chakra-form__label css-gu124"
      data-invalid=""
      for="field-:r2:"
      id="field-:r2:-label"
    >
      Name
    </label>
    <input
      aria-describedby="field-:r2:-feedback"
      aria-invalid="true"
      class="chakra-input css-jgxprw"
      id="field-:r2:"
      type="text"
    />
    <div
      aria-live="polite"
      class="chakra-form__error-message css-70qvj9"
      id="field-:r2:-feedback"
    >
      Error message
    </div>
  </div>
</div>
`;
